node.exe : ΓÜá Warning: Next.js inferred 
your workspace root, but it may not be 
correct.
At line:1 char:1
+ & "C:\Program Files\nodejs/node.exe" 
"C:\Program Files\nodejs/node_mo ...
+ ~~~~~~~~~~~~~~~~~~~~~~~~~~~~~~~~~~~~~~~~
~~~~~~~~~~~~~~~~~~~~~~~~~~~~~
    + CategoryInfo          : NotSpecifie 
   d: (ΓÜá Warning: Ne...not be correct.  
  :String) [], RemoteException
    + FullyQualifiedErrorId : NativeComma 
   ndError
 
 We detected multiple lockfiles and 
selected the directory of 
C:\Users\ronny\package-lock.json as the 
root directory.
 To silence this warning, set 
`turbopack.root` in your Next.js config, 
or consider removing one of the lockfiles 
if it's not needed.
   See https://nextjs.org/docs/app/api-ref
erence/config/next-config-js/turbopack#roo
t-directory for more information.
 Detected additional lockfiles: 
   * C:\Users\ronny\Desktop\hamilton\ai\pr
ojects\fixcity\fixcity\package-lock.json

Γû▓ Next.js 16.1.1 (Turbopack)
- Environments: .env.local

  Creating an optimized production build ...
Γ£ô Compiled successfully in 9.0s
  Running TypeScript ...
  Collecting page data using 11 workers ...
  Generating static pages using 11 workers (0/37) ...
  Generating static pages using 11 workers (9/37) 
  Generating static pages using 11 workers (18/37) 
  Generating static pages using 11 workers (27/37) 
Γ£ô Generating static pages using 11 workers (37/37) in 625.2ms
  Finalizing page optimization ...

Route (app)
Γöî Γùï /
Γö£ Γùï /_not-found
Γö£ ╞Æ /api/admin/reset
Γö£ ╞Æ /api/auth/face-verify
Γö£ ╞Æ /api/auth/officer-login
Γö£ ╞Æ /api/auth/send-otp
Γö£ ╞Æ /api/auth/technician-login
Γö£ ╞Æ /api/auth/validate-aadhaar
Γö£ ╞Æ /api/auth/verify-otp
Γö£ ╞Æ /api/chat
Γö£ ╞Æ /api/consolidate-descriptions
Γö£ ╞Æ /api/public-users
Γö£ ╞Æ /api/reports
Γö£ ╞Æ /api/reports/[id]
Γö£ ╞Æ /api/reports/[id]/evidence
Γö£ ╞Æ /api/reports/classify
Γö£ ╞Æ /api/reports/notify
Γö£ ╞Æ /api/stats/landing
Γö£ ╞Æ /api/technicians
Γö£ Γùï /chat
Γö£ Γùï /login
Γö£ Γùï /login/officer
Γö£ Γùï /login/public
Γö£ Γùï /login/public/chat
Γö£ Γùï /login/public/forgot-password
Γö£ Γùï /login/public/reset-password
Γö£ Γùï /login/public/signup
Γö£ Γùï /login/public/verify
Γö£ Γùï /login/technician
Γö£ Γùï /officer/analytics
Γö£ Γùï /officer/chat
Γö£ Γùï /officer/dashboard
Γö£ Γùï /officer/reports
Γö£ ╞Æ /officer/reports/[id]
Γö£ Γùï /officer/technicians
Γö£ ╞Æ /public/dashboard
Γö£ Γùï /public/help
Γö£ ╞Æ /public/my-reports
Γö£ Γùï /public/report
Γö£ Γùï /technician/chat
Γö£ Γùï /technician/dashboard
Γö£ ╞Æ /technician/tasks
Γöö ╞Æ /technician/tasks/[id]


╞Æ Proxy (Middleware)

Γùï  (Static)   prerendered as static content
╞Æ  (Dynamic)  server-rendered on demand

